\BOOKMARK [1][-]{section.1}{\376\377\166\370\121\163\135\345\117\134}{}% 1
\BOOKMARK [2][-]{subsection.1.1}{\376\377\201\352\122\250\213\355\227\363\213\306\122\053\166\204\155\101\137\017\123\026\217\333\134\125}{section.1}% 2
\BOOKMARK [2][-]{subsection.1.2}{\376\377\131\047\213\355\212\000\152\041\127\213\143\250\164\006\122\240\220\037\142\200\147\057}{section.1}% 3
\BOOKMARK [2][-]{subsection.1.3}{\376\377\213\355\227\363\133\371\213\335\174\373\176\337\166\204\121\150\224\376\215\357\117\030\123\026}{section.1}% 4
\BOOKMARK [2][-]{subsection.1.4}{\376\377\147\054\145\207\116\073\211\201\170\024\172\166\121\205\133\271}{section.1}% 5
\BOOKMARK [1][-]{section.2}{\376\377\123\237\164\006\116\016\145\271\154\325}{}% 6
\BOOKMARK [2][-]{subsection.2.1}{\376\377\201\352\122\250\213\355\227\363\213\306\122\053\142\200\147\057}{section.2}% 7
\BOOKMARK [3][-]{subsubsection.2.1.1}{\376\377\000W\000h\000i\000s\000p\000e\000r\000\040\152\041\127\213\147\266\147\204\116\016\171\273\176\277\162\171\140\047}{subsection.2.1}% 8
\BOOKMARK [3][-]{subsubsection.2.1.2}{\376\377\155\101\137\017\123\026\143\021\142\030\116\016\211\343\121\263\145\271\150\110}{subsection.2.1}% 9
\BOOKMARK [2][-]{subsection.2.2}{\376\377\131\047\213\355\212\000\152\041\127\213\143\250\164\006\147\072\122\066}{section.2}% 10
\BOOKMARK [3][-]{subsubsection.2.2.1}{\376\377\000T\000r\000a\000n\000s\000f\000o\000r\000m\000e\000r\000\040\154\350\141\017\122\233\147\072\122\066}{subsection.2.2}% 11
\BOOKMARK [3][-]{subsubsection.2.2.2}{\376\377\000K\000V\000\040\000C\000a\000c\000h\000e\147\072\122\066\166\204\145\160\133\146\123\237\164\006\116\016\131\015\147\102\136\246\122\006\147\220}{subsection.2.2}% 12
\BOOKMARK [2][-]{subsection.2.3}{\376\377\174\373\176\337\213\304\116\367\143\007\150\007}{section.2}% 13
\BOOKMARK [3][-]{subsubsection.2.3.1}{\376\377\231\226\133\127\136\366\217\337}{subsection.2.3}% 14
\BOOKMARK [3][-]{subsubsection.2.3.2}{\376\377\213\315\225\031\213\357\163\207}{subsection.2.3}% 15
\BOOKMARK [1][-]{section.3}{\376\377\174\373\176\337\213\276\213\241}{}% 16
\BOOKMARK [2][-]{subsection.3.1}{\376\377\140\073\117\123\147\266\147\204\213\276\213\241}{section.3}% 17
\BOOKMARK [3][-]{subsubsection.3.1.1}{\376\377\166\356\150\007\116\016\220\073\217\221\142\323\142\121}{subsection.3.1}% 18
\BOOKMARK [3][-]{subsubsection.3.1.2}{\376\377\121\163\225\056\135\345\172\013\133\236\163\260}{subsection.3.1}% 19
\BOOKMARK [2][-]{subsection.3.2}{\376\377\155\101\137\017\000A\000S\000R\116\012\116\013\145\207\173\241\164\006}{section.3}% 20
\BOOKMARK [3][-]{subsubsection.3.2.1}{\376\377\173\126\165\145}{subsection.3.2}% 21
\BOOKMARK [3][-]{subsubsection.3.2.2}{\376\377\122\250\140\001\000\040\000V\000A\000D\000\040\122\006\153\265\173\126\165\145}{subsection.3.2}% 22
\BOOKMARK [3][-]{subsubsection.3.2.3}{\376\377\127\372\116\216\156\321\122\250\172\227\123\343\166\204\116\012\116\013\145\207\141\037\167\345}{subsection.3.2}% 23
\BOOKMARK [2][-]{subsection.3.3}{\376\377\000L\000L\000M\000\040\000K\000V\000\040\000C\000a\000c\000h\000e\130\236\221\317\230\204\130\153\121\105\173\126\165\145}{section.3}% 24
\BOOKMARK [3][-]{subsubsection.3.3.1}{\376\377\173\126\165\145\213\364\146\016}{subsection.3.3}% 25
\BOOKMARK [3][-]{subsubsection.3.3.2}{\376\377\150\070\137\303\173\227\154\325\133\236\163\260}{subsection.3.3}% 26
\BOOKMARK [3][-]{subsubsection.3.3.3}{\376\377\131\015\147\102\136\246\122\006\147\220}{subsection.3.3}% 27
\BOOKMARK [2][-]{subsection.3.4}{\376\377\133\236\232\214\145\160\143\156\147\204\136\372\116\016\131\004\164\006\173\241\176\277}{section.3}% 28
\BOOKMARK [3][-]{subsubsection.3.4.1}{\376\377\173\200\217\360}{subsection.3.4}% 29
\BOOKMARK [3][-]{subsubsection.3.4.2}{\376\377\175\057\171\357\133\371\213\335\165\037\142\020\220\073\217\221}{subsection.3.4}% 30
\BOOKMARK [3][-]{subsubsection.3.4.3}{\376\377\145\160\143\156\131\004\164\006\155\101\154\064\176\277}{subsection.3.4}% 31
\BOOKMARK [3][-]{subsubsection.3.4.4}{\376\377\155\113\213\325\226\306\122\006\176\304\133\232\116\111}{subsection.3.4}% 32
\BOOKMARK [1][-]{section.4}{\376\377\133\236\232\214\116\016\176\323\147\234\122\006\147\220}{}% 33
\BOOKMARK [2][-]{subsection.4.1}{\376\377\133\236\232\214\213\364\146\016}{section.4}% 34
\BOOKMARK [2][-]{subsection.4.2}{\376\377\133\236\232\214\116\000\377\032\136\366\217\337\116\016\213\355\227\363\225\177\136\246\166\204\121\163\174\373\232\214\213\301}{section.4}% 35
\BOOKMARK [3][-]{subsubsection.4.2.1}{\376\377\133\236\232\214\213\276\177\156\116\016\163\257\130\203\147\204\136\372}{subsection.4.2}% 36
\BOOKMARK [3][-]{subsubsection.4.2.2}{\376\377\136\366\217\337\215\213\122\277\122\006\147\220}{subsection.4.2}% 37
\BOOKMARK [2][-]{subsection.4.3}{\376\377\133\236\232\214\116\214\377\032\155\210\207\215\133\236\232\214}{section.4}% 38
\BOOKMARK [3][-]{subsubsection.4.3.1}{\376\377\133\236\232\214\213\276\177\156}{subsection.4.3}% 39
\BOOKMARK [3][-]{subsubsection.4.3.2}{\376\377\215\041\163\056\136\246\221\317\123\026\122\006\147\220}{subsection.4.3}% 40
\BOOKMARK [2][-]{subsection.4.4}{\376\377\133\236\232\214\116\011\377\032\121\306\170\156\163\207\116\016\215\050\221\317\217\271\165\114}{section.4}% 41
\BOOKMARK [3][-]{subsubsection.4.4.1}{\376\377\133\236\232\214\213\364\146\016\116\016\213\304\117\060\145\271\154\325}{subsection.4.4}% 42
\BOOKMARK [3][-]{subsubsection.4.4.2}{\376\377\174\276\136\246\000-\136\366\217\337\122\006\147\220}{subsection.4.4}% 43
\BOOKMARK [1][-]{section.5}{\376\377\140\073\176\323\116\016\134\125\147\033}{}% 44
\BOOKMARK [2][-]{subsection.5.1}{\376\377\121\150\145\207\140\073\176\323}{section.5}% 45
\BOOKMARK [2][-]{subsection.5.2}{\376\377\170\024\172\166\134\100\226\120\140\047}{section.5}% 46
\BOOKMARK [2][-]{subsection.5.3}{\376\377\147\052\147\145\135\345\117\134}{section.5}% 47
